2026-03-25 12:52:12,623 - INFO - ================================================================================
2026-03-25 12:52:12,623 - INFO - STARTING CNN TRAINING WITH GPU SUPPORT (Generator Mode)
2026-03-25 12:52:12,623 - INFO - ================================================================================
2026-03-25 12:52:12,623 - INFO - 
================================================================================
2026-03-25 12:52:12,623 - INFO - GPU CONFIGURATION CHECK
2026-03-25 12:52:12,623 - INFO - ================================================================================
2026-03-25 12:52:12,623 - INFO - TensorFlow version: 2.10.0
2026-03-25 12:52:12,646 - INFO - GPU Available: [PhysicalDevice(name='/physical_device:GPU:0', device_type='GPU')]
2026-03-25 12:52:12,646 - INFO - Built with CUDA: True
2026-03-25 12:52:12,646 - INFO - Found 1 GPU(s)
2026-03-25 12:52:12,646 - INFO -   GPU 0: PhysicalDevice(name='/physical_device:GPU:0', device_type='GPU')
2026-03-25 12:52:12,646 - INFO - Testing GPU accessibility...
2026-03-25 12:52:15,750 - INFO - GPU test successful!
2026-03-25 12:52:15,751 - INFO - 
================================================================================
2026-03-25 12:52:15,751 - INFO - TRAINING CONFIGURATION
2026-03-25 12:52:15,751 - INFO - ================================================================================
2026-03-25 12:52:15,751 - INFO - Preprocessed data directory: D:\Hoc\Study\computer-vision\DFT-MF\preprocessed_data
2026-03-25 12:52:15,751 - INFO - Image size: 50x50
2026-03-25 12:52:15,751 - INFO - Batch size: 32
2026-03-25 12:52:15,751 - INFO - Epochs: 50
2026-03-25 12:52:15,751 - INFO - Model name: CNN_CelebDF_20260325_125212
2026-03-25 12:52:15,751 - INFO - 
================================================================================
2026-03-25 12:52:15,751 - INFO - LOADING PREPROCESSED DATA
2026-03-25 12:52:15,751 - INFO - ================================================================================
2026-03-25 12:52:15,751 - INFO - Loading training data...
2026-03-25 12:52:16,165 - INFO - Loading testing data...
2026-03-25 12:52:16,202 - INFO - Train shape: (443686, 50, 50, 1)
2026-03-25 12:52:16,202 - INFO - Test shape: (37633, 50, 50, 1)
2026-03-25 12:52:16,204 - INFO - 
Class distribution:
2026-03-25 12:52:16,204 - INFO -   Training - Real: 153024, Fake: 290662
2026-03-25 12:52:16,204 - INFO -   Testing  - Real: 14817, Fake: 22816
2026-03-25 12:52:16,204 - INFO - 
Class weights: {0: 1.4497268402342116, 1: 0.7632335840254316}
2026-03-25 12:52:27,433 - INFO - 
Creating data generators...
