2026-03-25 12:43:36,198 - INFO - ================================================================================
2026-03-25 12:43:36,198 - INFO - STARTING CNN TRAINING WITH GPU SUPPORT (Generator Mode)
2026-03-25 12:43:36,198 - INFO - ================================================================================
2026-03-25 12:43:36,198 - INFO - 
================================================================================
2026-03-25 12:43:36,198 - INFO - GPU CONFIGURATION CHECK
2026-03-25 12:43:36,198 - INFO - ================================================================================
2026-03-25 12:43:36,198 - INFO - TensorFlow version: 2.10.0
2026-03-25 12:43:36,238 - INFO - GPU Available: [PhysicalDevice(name='/physical_device:GPU:0', device_type='GPU')]
2026-03-25 12:43:36,238 - INFO - Built with CUDA: True
2026-03-25 12:43:36,239 - INFO - Found 1 GPU(s)
2026-03-25 12:43:36,239 - INFO -   GPU 0: PhysicalDevice(name='/physical_device:GPU:0', device_type='GPU')
2026-03-25 12:43:36,239 - INFO - Testing GPU accessibility...
2026-03-25 12:43:37,293 - INFO - GPU test successful!
2026-03-25 12:43:37,293 - INFO - 
================================================================================
2026-03-25 12:43:37,293 - INFO - TRAINING CONFIGURATION
2026-03-25 12:43:37,293 - INFO - ================================================================================
2026-03-25 12:43:37,294 - INFO - Preprocessed data directory: D:\Hoc\Study\computer-vision\DFT-MF\preprocessed_data
2026-03-25 12:43:37,294 - INFO - Image size: 50x50
2026-03-25 12:43:37,294 - INFO - Batch size: 32
2026-03-25 12:43:37,294 - INFO - Epochs: 50
2026-03-25 12:43:37,294 - INFO - Model name: CNN_CelebDF_20260325_124336
2026-03-25 12:43:37,294 - INFO - 
================================================================================
2026-03-25 12:43:37,294 - INFO - LOADING PREPROCESSED DATA
2026-03-25 12:43:37,294 - INFO - ================================================================================
2026-03-25 12:43:37,294 - INFO - Loading training data...
2026-03-25 12:43:37,632 - INFO - Loading testing data...
2026-03-25 12:43:37,663 - INFO - Train shape: (443686, 50, 50, 1)
2026-03-25 12:43:37,663 - INFO - Test shape: (37633, 50, 50, 1)
2026-03-25 12:43:37,664 - INFO - 
Class distribution:
2026-03-25 12:43:37,664 - INFO -   Training - Real: 153024, Fake: 290662
2026-03-25 12:43:37,665 - INFO -   Testing  - Real: 14817, Fake: 22816
2026-03-25 12:43:37,665 - INFO - 
Class weights: {0: 1.4497268402342116, 1: 0.7632335840254316}
2026-03-25 12:43:39,872 - INFO - 
Creating data generators...
2026-03-25 12:43:41,150 - INFO - Steps per epoch: 13865
2026-03-25 12:43:41,150 - INFO - Validation steps: 1176
2026-03-25 12:43:41,150 - INFO - 
================================================================================
2026-03-25 12:43:41,151 - INFO - BUILDING CNN MODEL
2026-03-25 12:43:41,151 - INFO - ================================================================================
2026-03-25 12:43:41,239 - INFO - Model: "sequential"
2026-03-25 12:43:41,239 - INFO - _________________________________________________________________
2026-03-25 12:43:41,240 - INFO -  Layer (type)                Output Shape              Param #   
2026-03-25 12:43:41,240 - INFO - =================================================================
2026-03-25 12:43:41,240 - INFO -  conv2d (Conv2D)             (None, 48, 48, 256)       2560      
2026-03-25 12:43:41,241 - INFO -                                                                  
2026-03-25 12:43:41,241 - INFO -  activation (Activation)     (None, 48, 48, 256)       0         
2026-03-25 12:43:41,241 - INFO -                                                                  
2026-03-25 12:43:41,241 - INFO -  max_pooling2d (MaxPooling2D  (None, 24, 24, 256)      0         
2026-03-25 12:43:41,241 - INFO -  )                                                               
2026-03-25 12:43:41,241 - INFO -                                                                  
2026-03-25 12:43:41,241 - INFO -  conv2d_1 (Conv2D)           (None, 22, 22, 128)       295040    
2026-03-25 12:43:41,241 - INFO -                                                                  
2026-03-25 12:43:41,242 - INFO -  activation_1 (Activation)   (None, 22, 22, 128)       0         
2026-03-25 12:43:41,242 - INFO -                                                                  
2026-03-25 12:43:41,242 - INFO -  max_pooling2d_1 (MaxPooling  (None, 11, 11, 128)      0         
2026-03-25 12:43:41,242 - INFO -  2D)                                                             
2026-03-25 12:43:41,242 - INFO -                                                                  
2026-03-25 12:43:41,242 - INFO -  dropout (Dropout)           (None, 11, 11, 128)       0         
2026-03-25 12:43:41,242 - INFO -                                                                  
2026-03-25 12:43:41,242 - INFO -  flatten (Flatten)           (None, 15488)             0         
2026-03-25 12:43:41,242 - INFO -                                                                  
2026-03-25 12:43:41,242 - INFO -  dense (Dense)               (None, 64)                991296    
2026-03-25 12:43:41,242 - INFO -                                                                  
2026-03-25 12:43:41,242 - INFO -  activation_2 (Activation)   (None, 64)                0         
2026-03-25 12:43:41,243 - INFO -                                                                  
2026-03-25 12:43:41,243 - INFO -  dense_1 (Dense)             (None, 1)                 65        
2026-03-25 12:43:41,243 - INFO -                                                                  
2026-03-25 12:43:41,243 - INFO -  activation_3 (Activation)   (None, 1)                 0         
2026-03-25 12:43:41,243 - INFO -                                                                  
2026-03-25 12:43:41,243 - INFO - =================================================================
2026-03-25 12:43:41,243 - INFO - Total params: 1,288,961
2026-03-25 12:43:41,243 - INFO - Trainable params: 1,288,961
2026-03-25 12:43:41,243 - INFO - Non-trainable params: 0
2026-03-25 12:43:41,243 - INFO - _________________________________________________________________
2026-03-25 12:43:41,243 - INFO - 
Compiling model...
2026-03-25 12:43:41,256 - INFO - TensorBoard logs: logs\CNN_CelebDF_20260325_124336
2026-03-25 12:43:41,257 - INFO - Model checkpoints: callbacks
2026-03-25 12:43:41,257 - INFO - 
================================================================================
2026-03-25 12:43:41,257 - INFO - STARTING TRAINING
2026-03-25 12:43:41,257 - INFO - ================================================================================
2026-03-25 12:43:41,257 - INFO - Training on device: /GPU:0
2026-03-25 12:43:42,726 - INFO - 
[Epoch 1/50] Starting...
2026-03-25 12:48:44,938 - INFO - [Epoch 1/50] Completed in 302.2s
2026-03-25 12:48:44,939 - INFO -   Train Loss: 0.3882 | Train Acc: 0.8250
2026-03-25 12:48:44,939 - INFO -   Val Loss:   0.5223 | Val Acc:   0.7652
2026-03-25 12:48:44,939 - INFO -   Progress: 2.0% | Best Val Acc so far: 0.7652
2026-03-25 12:48:45,271 - INFO - 
[Epoch 2/50] Starting...
2026-03-25 12:53:46,611 - INFO - [Epoch 2/50] Completed in 301.3s
2026-03-25 12:53:46,612 - INFO -   Train Loss: 0.1749 | Train Acc: 0.9324
2026-03-25 12:53:46,612 - INFO -   Val Loss:   0.4640 | Val Acc:   0.8161
