2026-03-28 13:07:11,489 - INFO - ================================================================================
2026-03-28 13:07:11,489 - INFO - STARTING CNN TRAINING WITH GPU SUPPORT (Generator Mode)
2026-03-28 13:07:11,489 - INFO - ================================================================================
2026-03-28 13:07:11,489 - INFO - Dataset: UADFV
2026-03-28 13:07:11,489 - INFO - 
================================================================================
2026-03-28 13:07:11,489 - INFO - GPU CONFIGURATION CHECK
2026-03-28 13:07:11,489 - INFO - ================================================================================
2026-03-28 13:07:11,489 - INFO - TensorFlow version: 2.10.0
2026-03-28 13:07:11,534 - INFO - GPU Available: [PhysicalDevice(name='/physical_device:GPU:0', device_type='GPU')]
2026-03-28 13:07:11,534 - INFO - Built with CUDA: True
2026-03-28 13:07:11,534 - INFO - Found 1 GPU(s)
2026-03-28 13:07:11,534 - INFO -   GPU 0: PhysicalDevice(name='/physical_device:GPU:0', device_type='GPU')
2026-03-28 13:07:11,534 - INFO - Testing GPU accessibility...
2026-03-28 13:07:13,139 - INFO - GPU test successful!
2026-03-28 13:07:13,139 - INFO - 
================================================================================
2026-03-28 13:07:13,139 - INFO - TRAINING CONFIGURATION
2026-03-28 13:07:13,139 - INFO - ================================================================================
2026-03-28 13:07:13,139 - INFO - Dataset: UADFV
2026-03-28 13:07:13,139 - INFO - Preprocessed data directory: D:\Hoc\Study\computer-vision\DFT-MF\UADFV\preprocessed_data
2026-03-28 13:07:13,139 - INFO - Image size: 50x50
2026-03-28 13:07:13,139 - INFO - Batch size: 32
2026-03-28 13:07:13,139 - INFO - Epochs: 50
2026-03-28 13:07:13,139 - INFO - Model name: CNN_UADFV_20260328_130711
2026-03-28 13:07:13,139 - INFO - 
================================================================================
2026-03-28 13:07:13,139 - INFO - SETTING UP DATA GENERATORS
2026-03-28 13:07:13,139 - INFO - ================================================================================
2026-03-28 13:07:13,139 - INFO - Loading labels for class distribution...
2026-03-28 13:07:13,139 - INFO - Train samples: 26162
2026-03-28 13:07:13,139 - INFO - Validation samples: 5082
2026-03-28 13:07:13,139 - INFO - Test samples: 3247
2026-03-28 13:07:13,139 - INFO - 
Class distribution:
2026-03-28 13:07:13,139 - INFO -   Training   - Real: 12436, Fake: 13726
2026-03-28 13:07:13,139 - INFO -   Validation - Real: 3398, Fake: 1684
2026-03-28 13:07:13,139 - INFO -   Testing    - Real: 1578, Fake: 1669
2026-03-28 13:07:13,139 - INFO - 
Class weights: {0: 1.0518655516243165, 1: 0.9530088882412939}
2026-03-28 13:07:13,139 - INFO - 
Creating data generators...
2026-03-28 13:07:13,149 - INFO - Steps per epoch: 817
2026-03-28 13:07:13,149 - INFO - Validation steps: 158
2026-03-28 13:07:13,149 - INFO - 
================================================================================
2026-03-28 13:07:13,149 - INFO - BUILDING CNN MODEL
2026-03-28 13:07:13,149 - INFO - ================================================================================
2026-03-28 13:07:13,227 - INFO - Model: "sequential"
2026-03-28 13:07:13,227 - INFO - _________________________________________________________________
2026-03-28 13:07:13,227 - INFO -  Layer (type)                Output Shape              Param #   
2026-03-28 13:07:13,227 - INFO - =================================================================
2026-03-28 13:07:13,227 - INFO -  conv2d (Conv2D)             (None, 48, 48, 256)       2560      
2026-03-28 13:07:13,227 - INFO -                                                                  
2026-03-28 13:07:13,227 - INFO -  activation (Activation)     (None, 48, 48, 256)       0         
2026-03-28 13:07:13,227 - INFO -                                                                  
2026-03-28 13:07:13,227 - INFO -  max_pooling2d (MaxPooling2D  (None, 24, 24, 256)      0         
2026-03-28 13:07:13,227 - INFO -  )                                                               
2026-03-28 13:07:13,227 - INFO -                                                                  
2026-03-28 13:07:13,227 - INFO -  conv2d_1 (Conv2D)           (None, 22, 22, 128)       295040    
2026-03-28 13:07:13,227 - INFO -                                                                  
2026-03-28 13:07:13,227 - INFO -  activation_1 (Activation)   (None, 22, 22, 128)       0         
2026-03-28 13:07:13,227 - INFO -                                                                  
2026-03-28 13:07:13,227 - INFO -  max_pooling2d_1 (MaxPooling  (None, 11, 11, 128)      0         
2026-03-28 13:07:13,227 - INFO -  2D)                                                             
2026-03-28 13:07:13,227 - INFO -                                                                  
2026-03-28 13:07:13,227 - INFO -  dropout (Dropout)           (None, 11, 11, 128)       0         
2026-03-28 13:07:13,227 - INFO -                                                                  
2026-03-28 13:07:13,227 - INFO -  flatten (Flatten)           (None, 15488)             0         
2026-03-28 13:07:13,227 - INFO -                                                                  
2026-03-28 13:07:13,227 - INFO -  dense (Dense)               (None, 64)                991296    
2026-03-28 13:07:13,227 - INFO -                                                                  
2026-03-28 13:07:13,227 - INFO -  activation_2 (Activation)   (None, 64)                0         
2026-03-28 13:07:13,227 - INFO -                                                                  
2026-03-28 13:07:13,227 - INFO -  dense_1 (Dense)             (None, 1)                 65        
2026-03-28 13:07:13,227 - INFO -                                                                  
2026-03-28 13:07:13,227 - INFO -  activation_3 (Activation)   (None, 1)                 0         
2026-03-28 13:07:13,227 - INFO -                                                                  
2026-03-28 13:07:13,227 - INFO - =================================================================
2026-03-28 13:07:13,227 - INFO - Total params: 1,288,961
2026-03-28 13:07:13,227 - INFO - Trainable params: 1,288,961
2026-03-28 13:07:13,227 - INFO - Non-trainable params: 0
2026-03-28 13:07:13,227 - INFO - _________________________________________________________________
2026-03-28 13:07:13,227 - INFO - 
Compiling model...
2026-03-28 13:07:13,243 - INFO - TensorBoard logs: logs\CNN_UADFV_20260328_130711
2026-03-28 13:07:13,243 - INFO - Model checkpoints: callbacks
2026-03-28 13:07:13,243 - INFO - 
================================================================================
2026-03-28 13:07:13,243 - INFO - STARTING TRAINING
2026-03-28 13:07:13,243 - INFO - ================================================================================
2026-03-28 13:07:13,243 - INFO - Training on device: /GPU:0
2026-03-28 13:07:13,243 - INFO - Loading data from D:\Hoc\Study\computer-vision\DFT-MF\UADFV\preprocessed_data\X_train.pickle...
2026-03-28 13:07:13,404 - INFO - 
[Epoch 1/50] Starting...
2026-03-28 13:07:30,074 - INFO - Loading data from D:\Hoc\Study\computer-vision\DFT-MF\UADFV\preprocessed_data\X_val.pickle...
2026-03-28 13:07:31,212 - INFO - [Epoch 1/50] Completed in 17.8s
2026-03-28 13:07:31,212 - INFO -   Train Loss: 0.2293 | Train Acc: 0.8941
2026-03-28 13:07:31,212 - INFO -   Val Loss:   1.1486 | Val Acc:   0.6924
2026-03-28 13:07:31,212 - INFO -   Progress: 2.0% | Best Val Acc: 0.6924
2026-03-28 13:07:31,409 - INFO - 
[Epoch 2/50] Starting...
2026-03-28 13:07:46,274 - INFO - [Epoch 2/50] Completed in 14.9s
2026-03-28 13:07:46,274 - INFO -   Train Loss: 0.1219 | Train Acc: 0.9503
2026-03-28 13:07:46,274 - INFO -   Val Loss:   0.8266 | Val Acc:   0.7609
2026-03-28 13:07:46,274 - INFO -   Progress: 4.0% | Best Val Acc: 0.6924
2026-03-28 13:07:46,424 - INFO - 
[Epoch 3/50] Starting...
2026-03-28 13:08:00,759 - INFO - [Epoch 3/50] Completed in 14.3s
2026-03-28 13:08:00,759 - INFO -   Train Loss: 0.0829 | Train Acc: 0.9654
2026-03-28 13:08:00,759 - INFO -   Val Loss:   1.4060 | Val Acc:   0.7142
2026-03-28 13:08:00,759 - INFO -   Progress: 6.0% | Best Val Acc: 0.7609
2026-03-28 13:08:00,874 - INFO - 
[Epoch 4/50] Starting...
2026-03-28 13:08:15,105 - INFO - [Epoch 4/50] Completed in 14.2s
2026-03-28 13:08:15,105 - INFO -   Train Loss: 0.0679 | Train Acc: 0.9703
2026-03-28 13:08:15,105 - INFO -   Val Loss:   1.3373 | Val Acc:   0.7267
2026-03-28 13:08:15,105 - INFO -   Progress: 8.0% | Best Val Acc: 0.7609
2026-03-28 13:08:15,228 - INFO - 
[Epoch 5/50] Starting...
2026-03-28 13:08:29,387 - INFO - [Epoch 5/50] Completed in 14.2s
2026-03-28 13:08:29,387 - INFO -   Train Loss: 0.0518 | Train Acc: 0.9783
2026-03-28 13:08:29,387 - INFO -   Val Loss:   1.8684 | Val Acc:   0.7061
2026-03-28 13:08:29,387 - INFO -   Progress: 10.0% | Best Val Acc: 0.7609
2026-03-28 13:08:29,505 - INFO - 
[Epoch 6/50] Starting...
2026-03-28 13:08:43,552 - INFO - [Epoch 6/50] Completed in 14.0s
2026-03-28 13:08:43,552 - INFO -   Train Loss: 0.0465 | Train Acc: 0.9807
2026-03-28 13:08:43,552 - INFO -   Val Loss:   2.1004 | Val Acc:   0.7251
2026-03-28 13:08:43,552 - INFO -   Progress: 12.0% | Best Val Acc: 0.7609
2026-03-28 13:08:43,655 - INFO - 
[Epoch 7/50] Starting...
2026-03-28 13:08:57,594 - INFO - [Epoch 7/50] Completed in 13.9s
2026-03-28 13:08:57,594 - INFO -   Train Loss: 0.0372 | Train Acc: 0.9853
2026-03-28 13:08:57,595 - INFO -   Val Loss:   1.6977 | Val Acc:   0.7346
2026-03-28 13:08:57,595 - INFO -   Progress: 14.0% | Best Val Acc: 0.7609
2026-03-28 13:08:57,705 - INFO - 
[Epoch 8/50] Starting...
2026-03-28 13:09:11,619 - INFO - [Epoch 8/50] Completed in 13.9s
2026-03-28 13:09:11,619 - INFO -   Train Loss: 0.0320 | Train Acc: 0.9873
2026-03-28 13:09:11,619 - INFO -   Val Loss:   1.7827 | Val Acc:   0.7395
2026-03-28 13:09:11,619 - INFO -   Progress: 16.0% | Best Val Acc: 0.7609
2026-03-28 13:09:11,727 - INFO - 
[Epoch 9/50] Starting...
2026-03-28 13:09:25,639 - INFO - [Epoch 9/50] Completed in 13.9s
2026-03-28 13:09:25,639 - INFO -   Train Loss: 0.0313 | Train Acc: 0.9871
2026-03-28 13:09:25,639 - INFO -   Val Loss:   2.1897 | Val Acc:   0.7458
2026-03-28 13:09:25,639 - INFO -   Progress: 18.0% | Best Val Acc: 0.7609
2026-03-28 13:09:25,755 - INFO - 
[Epoch 10/50] Starting...
2026-03-28 13:09:39,885 - INFO - [Epoch 10/50] Completed in 14.1s
2026-03-28 13:09:39,885 - INFO -   Train Loss: 0.0290 | Train Acc: 0.9878
2026-03-28 13:09:39,885 - INFO -   Val Loss:   2.6829 | Val Acc:   0.7083
2026-03-28 13:09:39,886 - INFO -   Progress: 20.0% | Best Val Acc: 0.7609
2026-03-28 13:09:39,989 - INFO - 
[Epoch 11/50] Starting...
2026-03-28 13:09:53,997 - INFO - [Epoch 11/50] Completed in 14.0s
2026-03-28 13:09:53,997 - INFO -   Train Loss: 0.0242 | Train Acc: 0.9909
2026-03-28 13:09:53,998 - INFO -   Val Loss:   2.7647 | Val Acc:   0.6857
2026-03-28 13:09:53,998 - INFO -   Progress: 22.0% | Best Val Acc: 0.7609
2026-03-28 13:09:54,095 - INFO - 
[Epoch 12/50] Starting...
2026-03-28 13:10:08,055 - INFO - [Epoch 12/50] Completed in 14.0s
2026-03-28 13:10:08,055 - INFO -   Train Loss: 0.0225 | Train Acc: 0.9915
2026-03-28 13:10:08,055 - INFO -   Val Loss:   2.5455 | Val Acc:   0.7627
2026-03-28 13:10:08,055 - INFO -   Progress: 24.0% | Best Val Acc: 0.7609
2026-03-28 13:10:08,174 - INFO - 
================================================================================
2026-03-28 13:10:08,174 - INFO - FINAL EVALUATION
2026-03-28 13:10:08,174 - INFO - ================================================================================
2026-03-28 13:10:08,174 - INFO - Loading data from D:\Hoc\Study\computer-vision\DFT-MF\UADFV\preprocessed_data\X_test.pickle...
2026-03-28 13:10:08,783 - INFO - Test Loss: 0.6362
2026-03-28 13:10:08,783 - INFO - Test Accuracy: 0.8026
2026-03-28 13:10:08,783 - INFO - Test Precision: 0.7816
2026-03-28 13:10:08,783 - INFO - Test Recall: 0.8525
2026-03-28 13:10:08,783 - INFO - Test F1-Score: 0.8155
2026-03-28 13:10:08,805 - INFO - 
Final model saved: trained_models\CNN_UADFV_20260328_130711_final.h5
2026-03-28 13:10:08,805 - INFO - 
================================================================================
2026-03-28 13:10:08,805 - INFO - TRAINING COMPLETED SUCCESSFULLY!
2026-03-28 13:10:08,805 - INFO - ================================================================================
2026-03-28 13:10:08,805 - INFO - Log file: training_logs\training_20260328_130711.log
2026-03-28 13:10:08,805 - INFO - TensorBoard: tensorboard --logdir=logs\CNN_UADFV_20260328_130711
2026-03-28 13:10:08,805 - INFO - ================================================================================
