2026-03-25 12:57:29,311 - INFO - ================================================================================
2026-03-25 12:57:29,311 - INFO - STARTING CNN TRAINING WITH GPU SUPPORT (Generator Mode)
2026-03-25 12:57:29,312 - INFO - ================================================================================
2026-03-25 12:57:29,312 - INFO - 
================================================================================
2026-03-25 12:57:29,312 - INFO - GPU CONFIGURATION CHECK
2026-03-25 12:57:29,312 - INFO - ================================================================================
2026-03-25 12:57:29,312 - INFO - TensorFlow version: 2.10.0
2026-03-25 12:57:29,337 - INFO - GPU Available: [PhysicalDevice(name='/physical_device:GPU:0', device_type='GPU')]
2026-03-25 12:57:29,337 - INFO - Built with CUDA: True
2026-03-25 12:57:29,337 - INFO - Found 1 GPU(s)
2026-03-25 12:57:29,337 - INFO -   GPU 0: PhysicalDevice(name='/physical_device:GPU:0', device_type='GPU')
2026-03-25 12:57:29,337 - INFO - Testing GPU accessibility...
2026-03-25 12:57:32,268 - INFO - GPU test successful!
2026-03-25 12:57:32,268 - INFO - 
================================================================================
2026-03-25 12:57:32,268 - INFO - TRAINING CONFIGURATION
2026-03-25 12:57:32,268 - INFO - ================================================================================
2026-03-25 12:57:32,268 - INFO - Preprocessed data directory: D:\Hoc\Study\computer-vision\DFT-MF\preprocessed_data
2026-03-25 12:57:32,269 - INFO - Image size: 50x50
2026-03-25 12:57:32,269 - INFO - Batch size: 32
2026-03-25 12:57:32,269 - INFO - Epochs: 50
2026-03-25 12:57:32,269 - INFO - Model name: CNN_CelebDF_20260325_125729
2026-03-25 12:57:32,269 - INFO - 
================================================================================
2026-03-25 12:57:32,269 - INFO - SETTING UP DATA GENERATORS
2026-03-25 12:57:32,269 - INFO - ================================================================================
2026-03-25 12:57:32,269 - INFO - Loading labels for class distribution...
2026-03-25 12:57:32,271 - INFO - Train samples: 443686
2026-03-25 12:57:32,271 - INFO - Test samples: 37633
2026-03-25 12:57:32,272 - INFO - 
Class distribution:
2026-03-25 12:57:32,272 - INFO -   Training - Real: 153024, Fake: 290662
2026-03-25 12:57:32,272 - INFO -   Testing  - Real: 14817, Fake: 22816
2026-03-25 12:57:32,272 - INFO - 
Class weights: {0: 1.4497268402342116, 1: 0.7632335840254316}
2026-03-25 12:57:32,272 - INFO - 
Creating data generators...
2026-03-25 12:57:32,281 - INFO - Steps per epoch: 13865
2026-03-25 12:57:32,282 - INFO - Validation steps: 1176
2026-03-25 12:57:32,282 - INFO - 
================================================================================
2026-03-25 12:57:32,282 - INFO - BUILDING CNN MODEL
2026-03-25 12:57:32,282 - INFO - ================================================================================
2026-03-25 12:57:32,358 - INFO - Model: "sequential"
2026-03-25 12:57:32,358 - INFO - _________________________________________________________________
2026-03-25 12:57:32,358 - INFO -  Layer (type)                Output Shape              Param #   
2026-03-25 12:57:32,358 - INFO - =================================================================
2026-03-25 12:57:32,359 - INFO -  conv2d (Conv2D)             (None, 48, 48, 256)       2560      
2026-03-25 12:57:32,359 - INFO -                                                                  
2026-03-25 12:57:32,359 - INFO -  activation (Activation)     (None, 48, 48, 256)       0         
2026-03-25 12:57:32,359 - INFO -                                                                  
2026-03-25 12:57:32,359 - INFO -  max_pooling2d (MaxPooling2D  (None, 24, 24, 256)      0         
2026-03-25 12:57:32,359 - INFO -  )                                                               
2026-03-25 12:57:32,359 - INFO -                                                                  
2026-03-25 12:57:32,359 - INFO -  conv2d_1 (Conv2D)           (None, 22, 22, 128)       295040    
2026-03-25 12:57:32,359 - INFO -                                                                  
2026-03-25 12:57:32,360 - INFO -  activation_1 (Activation)   (None, 22, 22, 128)       0         
2026-03-25 12:57:32,360 - INFO -                                                                  
2026-03-25 12:57:32,360 - INFO -  max_pooling2d_1 (MaxPooling  (None, 11, 11, 128)      0         
2026-03-25 12:57:32,360 - INFO -  2D)                                                             
2026-03-25 12:57:32,360 - INFO -                                                                  
2026-03-25 12:57:32,360 - INFO -  dropout (Dropout)           (None, 11, 11, 128)       0         
2026-03-25 12:57:32,360 - INFO -                                                                  
2026-03-25 12:57:32,360 - INFO -  flatten (Flatten)           (None, 15488)             0         
2026-03-25 12:57:32,360 - INFO -                                                                  
2026-03-25 12:57:32,360 - INFO -  dense (Dense)               (None, 64)                991296    
2026-03-25 12:57:32,360 - INFO -                                                                  
2026-03-25 12:57:32,360 - INFO -  activation_2 (Activation)   (None, 64)                0         
2026-03-25 12:57:32,361 - INFO -                                                                  
2026-03-25 12:57:32,361 - INFO -  dense_1 (Dense)             (None, 1)                 65        
2026-03-25 12:57:32,361 - INFO -                                                                  
2026-03-25 12:57:32,361 - INFO -  activation_3 (Activation)   (None, 1)                 0         
2026-03-25 12:57:32,361 - INFO -                                                                  
2026-03-25 12:57:32,361 - INFO - =================================================================
2026-03-25 12:57:32,362 - INFO - Total params: 1,288,961
2026-03-25 12:57:32,362 - INFO - Trainable params: 1,288,961
2026-03-25 12:57:32,362 - INFO - Non-trainable params: 0
2026-03-25 12:57:32,362 - INFO - _________________________________________________________________
2026-03-25 12:57:32,363 - INFO - 
Compiling model...
2026-03-25 12:57:32,379 - INFO - TensorBoard logs: logs\CNN_CelebDF_20260325_125729
2026-03-25 12:57:32,379 - INFO - Model checkpoints: callbacks
2026-03-25 12:57:32,380 - INFO - 
================================================================================
2026-03-25 12:57:32,380 - INFO - STARTING TRAINING
2026-03-25 12:57:32,380 - INFO - ================================================================================
2026-03-25 12:57:32,380 - INFO - Training on device: /GPU:0
2026-03-25 12:57:32,380 - INFO - Loading data from D:\Hoc\Study\computer-vision\DFT-MF\preprocessed_data\X_train.pickle...
2026-03-25 12:57:35,620 - INFO - 
[Epoch 1/50] Starting...
2026-03-25 13:07:27,429 - INFO - Loading data from D:\Hoc\Study\computer-vision\DFT-MF\preprocessed_data\X_test.pickle...
2026-03-25 13:07:45,603 - INFO - [Epoch 1/50] Completed in 610.0s
2026-03-25 13:07:45,604 - INFO -   Train Loss: 0.3554 | Train Acc: 0.8424
2026-03-25 13:07:45,604 - INFO -   Val Loss:   0.4533 | Val Acc:   0.8100
2026-03-25 13:07:45,604 - INFO -   Progress: 2.0% | Best Val Acc so far: 0.8100
2026-03-25 13:07:45,903 - INFO - 
[Epoch 2/50] Starting...
2026-03-25 13:14:53,337 - INFO - [Epoch 2/50] Completed in 427.4s
2026-03-25 13:14:53,337 - INFO -   Train Loss: 0.1679 | Train Acc: 0.9356
2026-03-25 13:14:53,337 - INFO -   Val Loss:   0.5581 | Val Acc:   0.7933
