2026-03-28 12:16:02,880 - INFO - ================================================================================
2026-03-28 12:16:02,880 - INFO - STARTING CNN TRAINING WITH GPU SUPPORT (Generator Mode)
2026-03-28 12:16:02,880 - INFO - ================================================================================
2026-03-28 12:16:02,880 - INFO - Dataset: UADFV
2026-03-28 12:16:02,880 - INFO - 
================================================================================
2026-03-28 12:16:02,880 - INFO - GPU CONFIGURATION CHECK
2026-03-28 12:16:02,880 - INFO - ================================================================================
2026-03-28 12:16:02,880 - INFO - TensorFlow version: 2.10.0
2026-03-28 12:16:02,912 - INFO - GPU Available: [PhysicalDevice(name='/physical_device:GPU:0', device_type='GPU')]
2026-03-28 12:16:02,912 - INFO - Built with CUDA: True
2026-03-28 12:16:02,912 - INFO - Found 1 GPU(s)
2026-03-28 12:16:02,912 - INFO -   GPU 0: PhysicalDevice(name='/physical_device:GPU:0', device_type='GPU')
2026-03-28 12:16:02,912 - INFO - Testing GPU accessibility...
2026-03-28 12:16:03,891 - INFO - GPU test successful!
2026-03-28 12:16:03,891 - INFO - 
================================================================================
2026-03-28 12:16:03,891 - INFO - TRAINING CONFIGURATION
2026-03-28 12:16:03,891 - INFO - ================================================================================
2026-03-28 12:16:03,892 - INFO - Dataset: UADFV
2026-03-28 12:16:03,892 - INFO - Preprocessed data directory: D:\Hoc\Study\computer-vision\DFT-MF\UADFV\preprocessed_data
2026-03-28 12:16:03,892 - INFO - Image size: 50x50
2026-03-28 12:16:03,892 - INFO - Batch size: 32
2026-03-28 12:16:03,892 - INFO - Epochs: 50
2026-03-28 12:16:03,892 - INFO - Model name: CNN_UADFV_20260328_121602
2026-03-28 12:16:03,892 - INFO - 
================================================================================
2026-03-28 12:16:03,892 - INFO - SETTING UP DATA GENERATORS
2026-03-28 12:16:03,892 - INFO - ================================================================================
2026-03-28 12:16:03,892 - INFO - Loading labels for class distribution...
2026-03-28 12:16:03,893 - INFO - Train samples: 24143
2026-03-28 12:16:03,893 - INFO - Validation samples: 5174
2026-03-28 12:16:03,893 - INFO - Test samples: 5174
2026-03-28 12:16:03,893 - INFO - 
Class distribution:
2026-03-28 12:16:03,894 - INFO -   Training   - Real: 12188, Fake: 11955
2026-03-28 12:16:03,894 - INFO -   Validation - Real: 2612, Fake: 2562
2026-03-28 12:16:03,894 - INFO -   Testing    - Real: 2612, Fake: 2562
2026-03-28 12:16:03,894 - INFO - 
Class weights: {0: 0.9904414177879881, 1: 1.009744876620661}
2026-03-28 12:16:03,894 - INFO - 
Creating data generators...
2026-03-28 12:16:03,895 - INFO - Steps per epoch: 754
2026-03-28 12:16:03,895 - INFO - Validation steps: 161
2026-03-28 12:16:03,895 - INFO - 
================================================================================
2026-03-28 12:16:03,895 - INFO - BUILDING CNN MODEL
2026-03-28 12:16:03,895 - INFO - ================================================================================
2026-03-28 12:16:03,962 - INFO - Model: "sequential"
2026-03-28 12:16:03,962 - INFO - _________________________________________________________________
2026-03-28 12:16:03,962 - INFO -  Layer (type)                Output Shape              Param #   
2026-03-28 12:16:03,962 - INFO - =================================================================
2026-03-28 12:16:03,962 - INFO -  conv2d (Conv2D)             (None, 48, 48, 256)       2560      
2026-03-28 12:16:03,962 - INFO -                                                                  
2026-03-28 12:16:03,962 - INFO -  activation (Activation)     (None, 48, 48, 256)       0         
2026-03-28 12:16:03,963 - INFO -                                                                  
2026-03-28 12:16:03,963 - INFO -  max_pooling2d (MaxPooling2D  (None, 24, 24, 256)      0         
2026-03-28 12:16:03,963 - INFO -  )                                                               
2026-03-28 12:16:03,963 - INFO -                                                                  
2026-03-28 12:16:03,963 - INFO -  conv2d_1 (Conv2D)           (None, 22, 22, 128)       295040    
2026-03-28 12:16:03,963 - INFO -                                                                  
2026-03-28 12:16:03,963 - INFO -  activation_1 (Activation)   (None, 22, 22, 128)       0         
2026-03-28 12:16:03,963 - INFO -                                                                  
2026-03-28 12:16:03,963 - INFO -  max_pooling2d_1 (MaxPooling  (None, 11, 11, 128)      0         
2026-03-28 12:16:03,963 - INFO -  2D)                                                             
2026-03-28 12:16:03,963 - INFO -                                                                  
2026-03-28 12:16:03,963 - INFO -  dropout (Dropout)           (None, 11, 11, 128)       0         
2026-03-28 12:16:03,963 - INFO -                                                                  
2026-03-28 12:16:03,964 - INFO -  flatten (Flatten)           (None, 15488)             0         
2026-03-28 12:16:03,964 - INFO -                                                                  
2026-03-28 12:16:03,964 - INFO -  dense (Dense)               (None, 64)                991296    
2026-03-28 12:16:03,964 - INFO -                                                                  
2026-03-28 12:16:03,964 - INFO -  activation_2 (Activation)   (None, 64)                0         
2026-03-28 12:16:03,964 - INFO -                                                                  
2026-03-28 12:16:03,964 - INFO -  dense_1 (Dense)             (None, 1)                 65        
2026-03-28 12:16:03,964 - INFO -                                                                  
2026-03-28 12:16:03,964 - INFO -  activation_3 (Activation)   (None, 1)                 0         
2026-03-28 12:16:03,964 - INFO -                                                                  
2026-03-28 12:16:03,964 - INFO - =================================================================
2026-03-28 12:16:03,964 - INFO - Total params: 1,288,961
2026-03-28 12:16:03,964 - INFO - Trainable params: 1,288,961
2026-03-28 12:16:03,964 - INFO - Non-trainable params: 0
2026-03-28 12:16:03,964 - INFO - _________________________________________________________________
2026-03-28 12:16:03,965 - INFO - 
Compiling model...
2026-03-28 12:16:03,975 - INFO - TensorBoard logs: logs\CNN_UADFV_20260328_121602
2026-03-28 12:16:03,975 - INFO - Model checkpoints: callbacks
2026-03-28 12:16:03,975 - INFO - 
================================================================================
2026-03-28 12:16:03,975 - INFO - STARTING TRAINING
2026-03-28 12:16:03,975 - INFO - ================================================================================
2026-03-28 12:16:03,975 - INFO - Training on device: /GPU:0
2026-03-28 12:16:03,976 - INFO - Loading data from D:\Hoc\Study\computer-vision\DFT-MF\UADFV\preprocessed_data\X_train.pickle...
2026-03-28 12:16:04,116 - INFO - 
[Epoch 1/50] Starting...
2026-03-28 12:16:19,492 - INFO - Loading data from D:\Hoc\Study\computer-vision\DFT-MF\UADFV\preprocessed_data\X_val.pickle...
2026-03-28 12:16:20,632 - INFO - [Epoch 1/50] Completed in 16.5s
2026-03-28 12:16:20,632 - INFO -   Train Loss: 0.2930 | Train Acc: 0.8742
2026-03-28 12:16:20,632 - INFO -   Val Loss:   0.1972 | Val Acc:   0.9208
2026-03-28 12:16:20,632 - INFO -   Progress: 2.0% | Best Val Acc: 0.9208
2026-03-28 12:16:20,811 - INFO - 
[Epoch 2/50] Starting...
2026-03-28 12:16:34,748 - INFO - [Epoch 2/50] Completed in 13.9s
2026-03-28 12:16:34,748 - INFO -   Train Loss: 0.1591 | Train Acc: 0.9390
2026-03-28 12:16:34,749 - INFO -   Val Loss:   0.1096 | Val Acc:   0.9534
2026-03-28 12:16:34,749 - INFO -   Progress: 4.0% | Best Val Acc: 0.9208
2026-03-28 12:16:34,891 - INFO - 
[Epoch 3/50] Starting...
2026-03-28 12:16:48,766 - INFO - [Epoch 3/50] Completed in 13.9s
2026-03-28 12:16:48,766 - INFO -   Train Loss: 0.1248 | Train Acc: 0.9503
2026-03-28 12:16:48,767 - INFO -   Val Loss:   0.1076 | Val Acc:   0.9536
2026-03-28 12:16:48,767 - INFO -   Progress: 6.0% | Best Val Acc: 0.9534
2026-03-28 12:16:48,910 - INFO - 
[Epoch 4/50] Starting...
2026-03-28 12:17:02,974 - INFO - [Epoch 4/50] Completed in 14.1s
2026-03-28 12:17:02,975 - INFO -   Train Loss: 0.0963 | Train Acc: 0.9630
2026-03-28 12:17:02,975 - INFO -   Val Loss:   0.0748 | Val Acc:   0.9664
2026-03-28 12:17:02,975 - INFO -   Progress: 8.0% | Best Val Acc: 0.9536
2026-03-28 12:17:03,123 - INFO - 
[Epoch 5/50] Starting...
2026-03-28 12:17:16,827 - INFO - [Epoch 5/50] Completed in 13.7s
2026-03-28 12:17:16,827 - INFO -   Train Loss: 0.0774 | Train Acc: 0.9693
2026-03-28 12:17:16,827 - INFO -   Val Loss:   0.0596 | Val Acc:   0.9757
2026-03-28 12:17:16,827 - INFO -   Progress: 10.0% | Best Val Acc: 0.9664
2026-03-28 12:17:16,969 - INFO - 
[Epoch 6/50] Starting...
2026-03-28 12:17:30,770 - INFO - [Epoch 6/50] Completed in 13.8s
2026-03-28 12:17:30,771 - INFO -   Train Loss: 0.0636 | Train Acc: 0.9760
2026-03-28 12:17:30,771 - INFO -   Val Loss:   0.0427 | Val Acc:   0.9808
2026-03-28 12:17:30,771 - INFO -   Progress: 12.0% | Best Val Acc: 0.9757
2026-03-28 12:17:30,929 - INFO - 
[Epoch 7/50] Starting...
2026-03-28 12:17:44,720 - INFO - [Epoch 7/50] Completed in 13.8s
2026-03-28 12:17:44,720 - INFO -   Train Loss: 0.0545 | Train Acc: 0.9781
2026-03-28 12:17:44,720 - INFO -   Val Loss:   0.0400 | Val Acc:   0.9800
2026-03-28 12:17:44,720 - INFO -   Progress: 14.0% | Best Val Acc: 0.9808
2026-03-28 12:17:44,841 - INFO - 
[Epoch 8/50] Starting...
2026-03-28 12:17:59,483 - INFO - [Epoch 8/50] Completed in 14.6s
2026-03-28 12:17:59,483 - INFO -   Train Loss: 0.0466 | Train Acc: 0.9813
2026-03-28 12:17:59,484 - INFO -   Val Loss:   0.0435 | Val Acc:   0.9810
2026-03-28 12:17:59,484 - INFO -   Progress: 16.0% | Best Val Acc: 0.9808
2026-03-28 12:17:59,621 - INFO - 
[Epoch 9/50] Starting...
2026-03-28 12:18:12,837 - INFO - [Epoch 9/50] Completed in 13.2s
2026-03-28 12:18:12,837 - INFO -   Train Loss: 0.0454 | Train Acc: 0.9824
2026-03-28 12:18:12,837 - INFO -   Val Loss:   0.0429 | Val Acc:   0.9814
2026-03-28 12:18:12,837 - INFO -   Progress: 18.0% | Best Val Acc: 0.9810
2026-03-28 12:18:12,961 - INFO - 
[Epoch 10/50] Starting...
2026-03-28 12:18:26,059 - INFO - [Epoch 10/50] Completed in 13.1s
2026-03-28 12:18:26,059 - INFO -   Train Loss: 0.0388 | Train Acc: 0.9833
2026-03-28 12:18:26,065 - INFO -   Val Loss:   0.0386 | Val Acc:   0.9818
2026-03-28 12:18:26,065 - INFO -   Progress: 20.0% | Best Val Acc: 0.9814
2026-03-28 12:18:26,196 - INFO - 
[Epoch 11/50] Starting...
2026-03-28 12:18:39,363 - INFO - [Epoch 11/50] Completed in 13.2s
2026-03-28 12:18:39,363 - INFO -   Train Loss: 0.0366 | Train Acc: 0.9853
2026-03-28 12:18:39,364 - INFO -   Val Loss:   0.0308 | Val Acc:   0.9866
2026-03-28 12:18:39,364 - INFO -   Progress: 22.0% | Best Val Acc: 0.9818
2026-03-28 12:18:39,524 - INFO - 
[Epoch 12/50] Starting...
2026-03-28 12:18:52,561 - INFO - [Epoch 12/50] Completed in 13.0s
2026-03-28 12:18:52,561 - INFO -   Train Loss: 0.0343 | Train Acc: 0.9850
2026-03-28 12:18:52,562 - INFO -   Val Loss:   0.0278 | Val Acc:   0.9870
2026-03-28 12:18:52,562 - INFO -   Progress: 24.0% | Best Val Acc: 0.9866
2026-03-28 12:18:52,695 - INFO - 
[Epoch 13/50] Starting...
2026-03-28 12:19:05,830 - INFO - [Epoch 13/50] Completed in 13.1s
2026-03-28 12:19:05,830 - INFO -   Train Loss: 0.0289 | Train Acc: 0.9877
2026-03-28 12:19:05,830 - INFO -   Val Loss:   0.0293 | Val Acc:   0.9851
2026-03-28 12:19:05,830 - INFO -   Progress: 26.0% | Best Val Acc: 0.9870
2026-03-28 12:19:05,930 - INFO - 
[Epoch 14/50] Starting...
2026-03-28 12:19:18,764 - INFO - [Epoch 14/50] Completed in 12.8s
2026-03-28 12:19:18,764 - INFO -   Train Loss: 0.0293 | Train Acc: 0.9883
2026-03-28 12:19:18,764 - INFO -   Val Loss:   0.0290 | Val Acc:   0.9876
2026-03-28 12:19:18,764 - INFO -   Progress: 28.0% | Best Val Acc: 0.9870
2026-03-28 12:19:18,891 - INFO - 
[Epoch 15/50] Starting...
2026-03-28 12:19:31,731 - INFO - [Epoch 15/50] Completed in 12.8s
2026-03-28 12:19:31,731 - INFO -   Train Loss: 0.0264 | Train Acc: 0.9882
2026-03-28 12:19:31,731 - INFO -   Val Loss:   0.0241 | Val Acc:   0.9899
2026-03-28 12:19:31,731 - INFO -   Progress: 30.0% | Best Val Acc: 0.9876
2026-03-28 12:19:31,865 - INFO - 
[Epoch 16/50] Starting...
2026-03-28 12:19:44,905 - INFO - [Epoch 16/50] Completed in 13.0s
2026-03-28 12:19:44,905 - INFO -   Train Loss: 0.0261 | Train Acc: 0.9882
2026-03-28 12:19:44,907 - INFO -   Val Loss:   0.0851 | Val Acc:   0.9693
2026-03-28 12:19:44,907 - INFO -   Progress: 32.0% | Best Val Acc: 0.9899
2026-03-28 12:19:45,007 - INFO - 
[Epoch 17/50] Starting...
2026-03-28 12:19:57,972 - INFO - [Epoch 17/50] Completed in 13.0s
2026-03-28 12:19:57,972 - INFO -   Train Loss: 0.0257 | Train Acc: 0.9891
2026-03-28 12:19:57,972 - INFO -   Val Loss:   0.0233 | Val Acc:   0.9880
2026-03-28 12:19:57,972 - INFO -   Progress: 34.0% | Best Val Acc: 0.9899
2026-03-28 12:19:58,080 - INFO - 
[Epoch 18/50] Starting...
2026-03-28 12:20:10,921 - INFO - [Epoch 18/50] Completed in 12.8s
2026-03-28 12:20:10,921 - INFO -   Train Loss: 0.0228 | Train Acc: 0.9894
2026-03-28 12:20:10,921 - INFO -   Val Loss:   0.0225 | Val Acc:   0.9880
2026-03-28 12:20:10,921 - INFO -   Progress: 36.0% | Best Val Acc: 0.9899
2026-03-28 12:20:11,022 - INFO - 
[Epoch 19/50] Starting...
2026-03-28 12:20:23,896 - INFO - [Epoch 19/50] Completed in 12.9s
2026-03-28 12:20:23,896 - INFO -   Train Loss: 0.0222 | Train Acc: 0.9898
2026-03-28 12:20:23,896 - INFO -   Val Loss:   0.0236 | Val Acc:   0.9878
2026-03-28 12:20:23,896 - INFO -   Progress: 38.0% | Best Val Acc: 0.9899
2026-03-28 12:20:23,999 - INFO - 
[Epoch 20/50] Starting...
2026-03-28 12:20:36,676 - INFO - [Epoch 20/50] Completed in 12.7s
2026-03-28 12:20:36,676 - INFO -   Train Loss: 0.0228 | Train Acc: 0.9892
2026-03-28 12:20:36,677 - INFO -   Val Loss:   0.0220 | Val Acc:   0.9893
2026-03-28 12:20:36,677 - INFO -   Progress: 40.0% | Best Val Acc: 0.9899
2026-03-28 12:20:36,782 - INFO - 
[Epoch 21/50] Starting...
2026-03-28 12:20:49,424 - INFO - [Epoch 21/50] Completed in 12.6s
2026-03-28 12:20:49,424 - INFO -   Train Loss: 0.0204 | Train Acc: 0.9910
2026-03-28 12:20:49,426 - INFO -   Val Loss:   0.0201 | Val Acc:   0.9911
2026-03-28 12:20:49,426 - INFO -   Progress: 42.0% | Best Val Acc: 0.9899
2026-03-28 12:20:49,556 - INFO - 
[Epoch 22/50] Starting...
2026-03-28 12:21:02,441 - INFO - [Epoch 22/50] Completed in 12.9s
2026-03-28 12:21:02,441 - INFO -   Train Loss: 0.0207 | Train Acc: 0.9905
2026-03-28 12:21:02,441 - INFO -   Val Loss:   0.0247 | Val Acc:   0.9878
2026-03-28 12:21:02,441 - INFO -   Progress: 44.0% | Best Val Acc: 0.9911
2026-03-28 12:21:02,550 - INFO - 
[Epoch 23/50] Starting...
2026-03-28 12:21:15,275 - INFO - [Epoch 23/50] Completed in 12.7s
2026-03-28 12:21:15,275 - INFO -   Train Loss: 0.0195 | Train Acc: 0.9913
2026-03-28 12:21:15,275 - INFO -   Val Loss:   0.0207 | Val Acc:   0.9889
2026-03-28 12:21:15,275 - INFO -   Progress: 46.0% | Best Val Acc: 0.9911
2026-03-28 12:21:15,372 - INFO - 
[Epoch 24/50] Starting...
2026-03-28 12:21:28,152 - INFO - [Epoch 24/50] Completed in 12.8s
2026-03-28 12:21:28,152 - INFO -   Train Loss: 0.0197 | Train Acc: 0.9911
2026-03-28 12:21:28,152 - INFO -   Val Loss:   0.0220 | Val Acc:   0.9891
2026-03-28 12:21:28,152 - INFO -   Progress: 48.0% | Best Val Acc: 0.9911
2026-03-28 12:21:28,249 - INFO - 
[Epoch 25/50] Starting...
2026-03-28 12:21:40,838 - INFO - [Epoch 25/50] Completed in 12.6s
2026-03-28 12:21:40,838 - INFO -   Train Loss: 0.0206 | Train Acc: 0.9912
2026-03-28 12:21:40,838 - INFO -   Val Loss:   0.0236 | Val Acc:   0.9897
2026-03-28 12:21:40,838 - INFO -   Progress: 50.0% | Best Val Acc: 0.9911
2026-03-28 12:21:40,939 - INFO - 
[Epoch 26/50] Starting...
2026-03-28 12:21:53,474 - INFO - [Epoch 26/50] Completed in 12.5s
2026-03-28 12:21:53,474 - INFO -   Train Loss: 0.0189 | Train Acc: 0.9915
2026-03-28 12:21:53,479 - INFO -   Val Loss:   0.0194 | Val Acc:   0.9905
2026-03-28 12:21:53,479 - INFO -   Progress: 52.0% | Best Val Acc: 0.9911
2026-03-28 12:21:53,574 - INFO - 
[Epoch 27/50] Starting...
2026-03-28 12:22:06,083 - INFO - [Epoch 27/50] Completed in 12.5s
2026-03-28 12:22:06,083 - INFO -   Train Loss: 0.0172 | Train Acc: 0.9917
2026-03-28 12:22:06,085 - INFO -   Val Loss:   0.0189 | Val Acc:   0.9909
2026-03-28 12:22:06,085 - INFO -   Progress: 54.0% | Best Val Acc: 0.9911
2026-03-28 12:22:06,185 - INFO - 
[Epoch 28/50] Starting...
2026-03-28 12:22:18,683 - INFO - [Epoch 28/50] Completed in 12.5s
2026-03-28 12:22:18,683 - INFO -   Train Loss: 0.0179 | Train Acc: 0.9922
2026-03-28 12:22:18,683 - INFO -   Val Loss:   0.0216 | Val Acc:   0.9901
2026-03-28 12:22:18,683 - INFO -   Progress: 56.0% | Best Val Acc: 0.9911
2026-03-28 12:22:18,777 - INFO - 
[Epoch 29/50] Starting...
2026-03-28 12:22:31,290 - INFO - [Epoch 29/50] Completed in 12.5s
2026-03-28 12:22:31,290 - INFO -   Train Loss: 0.0167 | Train Acc: 0.9920
2026-03-28 12:22:31,290 - INFO -   Val Loss:   0.0211 | Val Acc:   0.9893
2026-03-28 12:22:31,290 - INFO -   Progress: 58.0% | Best Val Acc: 0.9911
2026-03-28 12:22:31,392 - INFO - 
[Epoch 30/50] Starting...
2026-03-28 12:22:43,880 - INFO - [Epoch 30/50] Completed in 12.5s
2026-03-28 12:22:43,880 - INFO -   Train Loss: 0.0151 | Train Acc: 0.9932
2026-03-28 12:22:43,881 - INFO -   Val Loss:   0.0248 | Val Acc:   0.9884
2026-03-28 12:22:43,881 - INFO -   Progress: 60.0% | Best Val Acc: 0.9911
2026-03-28 12:22:43,985 - INFO - 
[Epoch 31/50] Starting...
2026-03-28 12:22:56,461 - INFO - [Epoch 31/50] Completed in 12.5s
2026-03-28 12:22:56,462 - INFO -   Train Loss: 0.0162 | Train Acc: 0.9928
2026-03-28 12:22:56,462 - INFO -   Val Loss:   0.0210 | Val Acc:   0.9889
2026-03-28 12:22:56,462 - INFO -   Progress: 62.0% | Best Val Acc: 0.9911
2026-03-28 12:22:56,555 - INFO - 
[Epoch 32/50] Starting...
2026-03-28 12:23:09,181 - INFO - [Epoch 32/50] Completed in 12.6s
2026-03-28 12:23:09,181 - INFO -   Train Loss: 0.0185 | Train Acc: 0.9917
2026-03-28 12:23:09,182 - INFO -   Val Loss:   0.0294 | Val Acc:   0.9860
2026-03-28 12:23:09,182 - INFO -   Progress: 64.0% | Best Val Acc: 0.9911
2026-03-28 12:23:09,283 - INFO - 
[Epoch 33/50] Starting...
2026-03-28 12:23:21,890 - INFO - [Epoch 33/50] Completed in 12.6s
2026-03-28 12:23:21,890 - INFO -   Train Loss: 0.0143 | Train Acc: 0.9932
2026-03-28 12:23:21,890 - INFO -   Val Loss:   0.0190 | Val Acc:   0.9920
2026-03-28 12:23:21,890 - INFO -   Progress: 66.0% | Best Val Acc: 0.9911
2026-03-28 12:23:22,008 - INFO - 
[Epoch 34/50] Starting...
2026-03-28 12:23:34,461 - INFO - [Epoch 34/50] Completed in 12.5s
2026-03-28 12:23:34,461 - INFO -   Train Loss: 0.0171 | Train Acc: 0.9925
2026-03-28 12:23:34,461 - INFO -   Val Loss:   0.0190 | Val Acc:   0.9899
2026-03-28 12:23:34,461 - INFO -   Progress: 68.0% | Best Val Acc: 0.9920
2026-03-28 12:23:34,557 - INFO - 
[Epoch 35/50] Starting...
2026-03-28 12:23:46,972 - INFO - [Epoch 35/50] Completed in 12.4s
2026-03-28 12:23:46,972 - INFO -   Train Loss: 0.0168 | Train Acc: 0.9921
2026-03-28 12:23:46,972 - INFO -   Val Loss:   0.0245 | Val Acc:   0.9901
2026-03-28 12:23:46,972 - INFO -   Progress: 70.0% | Best Val Acc: 0.9920
2026-03-28 12:23:47,071 - INFO - 
[Epoch 36/50] Starting...
2026-03-28 12:23:59,534 - INFO - [Epoch 36/50] Completed in 12.5s
2026-03-28 12:23:59,534 - INFO -   Train Loss: 0.0141 | Train Acc: 0.9933
2026-03-28 12:23:59,534 - INFO -   Val Loss:   0.0194 | Val Acc:   0.9917
2026-03-28 12:23:59,534 - INFO -   Progress: 72.0% | Best Val Acc: 0.9920
2026-03-28 12:23:59,637 - INFO - 
[Epoch 37/50] Starting...
2026-03-28 12:24:12,141 - INFO - [Epoch 37/50] Completed in 12.5s
2026-03-28 12:24:12,141 - INFO -   Train Loss: 0.0129 | Train Acc: 0.9939
2026-03-28 12:24:12,141 - INFO -   Val Loss:   0.0209 | Val Acc:   0.9899
2026-03-28 12:24:12,141 - INFO -   Progress: 74.0% | Best Val Acc: 0.9920
2026-03-28 12:24:12,242 - INFO - 
================================================================================
2026-03-28 12:24:12,242 - INFO - FINAL EVALUATION
2026-03-28 12:24:12,242 - INFO - ================================================================================
2026-03-28 12:24:12,242 - INFO - Loading data from D:\Hoc\Study\computer-vision\DFT-MF\UADFV\preprocessed_data\X_test.pickle...
2026-03-28 12:24:13,190 - INFO - Test Loss: 0.0265
2026-03-28 12:24:13,190 - INFO - Test Accuracy: 0.9893
2026-03-28 12:24:13,190 - INFO - Test Precision: 0.9867
2026-03-28 12:24:13,190 - INFO - Test Recall: 0.9918
2026-03-28 12:24:13,190 - INFO - Test F1-Score: 0.9892
2026-03-28 12:24:13,213 - INFO - 
Final model saved: trained_models\CNN_UADFV_20260328_121602_final.h5
2026-03-28 12:24:13,213 - INFO - 
================================================================================
2026-03-28 12:24:13,214 - INFO - TRAINING COMPLETED SUCCESSFULLY!
2026-03-28 12:24:13,214 - INFO - ================================================================================
2026-03-28 12:24:13,214 - INFO - Log file: training_logs\training_20260328_121602.log
2026-03-28 12:24:13,214 - INFO - TensorBoard: tensorboard --logdir=logs\CNN_UADFV_20260328_121602
2026-03-28 12:24:13,214 - INFO - ================================================================================
