2026-03-28 11:42:39,130 - INFO - ================================================================================
2026-03-28 11:42:39,130 - INFO - STARTING CNN TRAINING WITH GPU SUPPORT (Generator Mode)
2026-03-28 11:42:39,130 - INFO - ================================================================================
2026-03-28 11:42:39,130 - INFO - Dataset: UADFV
2026-03-28 11:42:39,130 - INFO - 
================================================================================
2026-03-28 11:42:39,130 - INFO - GPU CONFIGURATION CHECK
2026-03-28 11:42:39,130 - INFO - ================================================================================
2026-03-28 11:42:39,130 - INFO - TensorFlow version: 2.10.0
2026-03-28 11:42:39,207 - INFO - GPU Available: [PhysicalDevice(name='/physical_device:GPU:0', device_type='GPU')]
2026-03-28 11:42:39,207 - INFO - Built with CUDA: True
2026-03-28 11:42:39,207 - INFO - Found 1 GPU(s)
2026-03-28 11:42:39,207 - INFO -   GPU 0: PhysicalDevice(name='/physical_device:GPU:0', device_type='GPU')
2026-03-28 11:42:39,207 - INFO - Testing GPU accessibility...
2026-03-28 11:43:06,111 - INFO - GPU test successful!
2026-03-28 11:43:06,111 - INFO - 
================================================================================
2026-03-28 11:43:06,111 - INFO - TRAINING CONFIGURATION
2026-03-28 11:43:06,111 - INFO - ================================================================================
2026-03-28 11:43:06,111 - INFO - Dataset: UADFV
2026-03-28 11:43:06,111 - INFO - Preprocessed data directory: D:\Hoc\Study\computer-vision\DFT-MF\UADFV\preprocessed_data
2026-03-28 11:43:06,111 - INFO - Image size: 50x50
2026-03-28 11:43:06,111 - INFO - Batch size: 32
2026-03-28 11:43:06,111 - INFO - Epochs: 50
2026-03-28 11:43:06,111 - INFO - Model name: CNN_UADFV_20260328_114239
2026-03-28 11:43:06,111 - INFO - 
================================================================================
2026-03-28 11:43:06,111 - INFO - SETTING UP DATA GENERATORS
2026-03-28 11:43:06,111 - INFO - ================================================================================
2026-03-28 11:43:06,111 - INFO - Loading labels for class distribution...
2026-03-28 11:43:06,113 - INFO - Train samples: 24143
2026-03-28 11:43:06,113 - INFO - Validation samples: 5174
2026-03-28 11:43:06,113 - INFO - Test samples: 5174
2026-03-28 11:43:06,113 - INFO - 
Class distribution:
2026-03-28 11:43:06,113 - INFO -   Training   - Real: 11955, Fake: 12188
2026-03-28 11:43:06,113 - INFO -   Validation - Real: 2562, Fake: 2612
2026-03-28 11:43:06,113 - INFO -   Testing    - Real: 2562, Fake: 2612
2026-03-28 11:43:06,113 - INFO - 
Class weights: {0: 1.009744876620661, 1: 0.9904414177879881}
2026-03-28 11:43:06,113 - INFO - 
Creating data generators...
2026-03-28 11:43:06,114 - INFO - Steps per epoch: 754
2026-03-28 11:43:06,114 - INFO - Validation steps: 161
2026-03-28 11:43:06,114 - INFO - 
================================================================================
2026-03-28 11:43:06,114 - INFO - BUILDING CNN MODEL
2026-03-28 11:43:06,114 - INFO - ================================================================================
2026-03-28 11:43:06,314 - INFO - Model: "sequential"
2026-03-28 11:43:06,314 - INFO - _________________________________________________________________
2026-03-28 11:43:06,314 - INFO -  Layer (type)                Output Shape              Param #   
2026-03-28 11:43:06,314 - INFO - =================================================================
2026-03-28 11:43:06,314 - INFO -  conv2d (Conv2D)             (None, 48, 48, 256)       2560      
2026-03-28 11:43:06,314 - INFO -                                                                  
2026-03-28 11:43:06,315 - INFO -  activation (Activation)     (None, 48, 48, 256)       0         
2026-03-28 11:43:06,315 - INFO -                                                                  
2026-03-28 11:43:06,315 - INFO -  max_pooling2d (MaxPooling2D  (None, 24, 24, 256)      0         
2026-03-28 11:43:06,315 - INFO -  )                                                               
2026-03-28 11:43:06,315 - INFO -                                                                  
2026-03-28 11:43:06,315 - INFO -  conv2d_1 (Conv2D)           (None, 22, 22, 128)       295040    
2026-03-28 11:43:06,315 - INFO -                                                                  
2026-03-28 11:43:06,315 - INFO -  activation_1 (Activation)   (None, 22, 22, 128)       0         
2026-03-28 11:43:06,315 - INFO -                                                                  
2026-03-28 11:43:06,315 - INFO -  max_pooling2d_1 (MaxPooling  (None, 11, 11, 128)      0         
2026-03-28 11:43:06,315 - INFO -  2D)                                                             
2026-03-28 11:43:06,315 - INFO -                                                                  
2026-03-28 11:43:06,315 - INFO -  dropout (Dropout)           (None, 11, 11, 128)       0         
2026-03-28 11:43:06,315 - INFO -                                                                  
2026-03-28 11:43:06,315 - INFO -  flatten (Flatten)           (None, 15488)             0         
2026-03-28 11:43:06,315 - INFO -                                                                  
2026-03-28 11:43:06,316 - INFO -  dense (Dense)               (None, 64)                991296    
2026-03-28 11:43:06,316 - INFO -                                                                  
2026-03-28 11:43:06,316 - INFO -  activation_2 (Activation)   (None, 64)                0         
2026-03-28 11:43:06,316 - INFO -                                                                  
2026-03-28 11:43:06,316 - INFO -  dense_1 (Dense)             (None, 1)                 65        
2026-03-28 11:43:06,316 - INFO -                                                                  
2026-03-28 11:43:06,316 - INFO -  activation_3 (Activation)   (None, 1)                 0         
2026-03-28 11:43:06,316 - INFO -                                                                  
2026-03-28 11:43:06,316 - INFO - =================================================================
2026-03-28 11:43:06,316 - INFO - Total params: 1,288,961
2026-03-28 11:43:06,316 - INFO - Trainable params: 1,288,961
2026-03-28 11:43:06,316 - INFO - Non-trainable params: 0
2026-03-28 11:43:06,316 - INFO - _________________________________________________________________
2026-03-28 11:43:06,316 - INFO - 
Compiling model...
2026-03-28 11:43:06,334 - INFO - TensorBoard logs: logs\CNN_UADFV_20260328_114239
2026-03-28 11:43:06,334 - INFO - Model checkpoints: callbacks
2026-03-28 11:43:06,334 - INFO - 
================================================================================
2026-03-28 11:43:06,334 - INFO - STARTING TRAINING
2026-03-28 11:43:06,334 - INFO - ================================================================================
2026-03-28 11:43:06,334 - INFO - Training on device: /GPU:0
2026-03-28 11:43:06,335 - INFO - Loading data from D:\Hoc\Study\computer-vision\DFT-MF\UADFV\preprocessed_data\X_train.pickle...
2026-03-28 11:43:06,621 - INFO - 
[Epoch 1/50] Starting...
