2026-03-25 12:55:43,879 - INFO - ================================================================================
2026-03-25 12:55:43,879 - INFO - STARTING CNN TRAINING WITH GPU SUPPORT (Generator Mode)
2026-03-25 12:55:43,880 - INFO - ================================================================================
2026-03-25 12:55:43,880 - INFO - 
================================================================================
2026-03-25 12:55:43,880 - INFO - GPU CONFIGURATION CHECK
2026-03-25 12:55:43,880 - INFO - ================================================================================
2026-03-25 12:55:43,880 - INFO - TensorFlow version: 2.10.0
2026-03-25 12:55:43,926 - INFO - GPU Available: [PhysicalDevice(name='/physical_device:GPU:0', device_type='GPU')]
2026-03-25 12:55:43,926 - INFO - Built with CUDA: True
2026-03-25 12:55:43,927 - INFO - Found 1 GPU(s)
2026-03-25 12:55:43,927 - INFO -   GPU 0: PhysicalDevice(name='/physical_device:GPU:0', device_type='GPU')
2026-03-25 12:55:43,927 - INFO - Testing GPU accessibility...
2026-03-25 12:55:44,938 - INFO - GPU test successful!
2026-03-25 12:55:44,938 - INFO - 
================================================================================
2026-03-25 12:55:44,938 - INFO - TRAINING CONFIGURATION
2026-03-25 12:55:44,938 - INFO - ================================================================================
2026-03-25 12:55:44,938 - INFO - Preprocessed data directory: D:\Hoc\Study\computer-vision\DFT-MF\preprocessed_data
2026-03-25 12:55:44,938 - INFO - Image size: 50x50
2026-03-25 12:55:44,938 - INFO - Batch size: 32
2026-03-25 12:55:44,938 - INFO - Epochs: 50
2026-03-25 12:55:44,938 - INFO - Model name: CNN_CelebDF_20260325_125543
2026-03-25 12:55:44,938 - INFO - 
================================================================================
2026-03-25 12:55:44,939 - INFO - SETTING UP DATA GENERATORS
2026-03-25 12:55:44,939 - INFO - ================================================================================
2026-03-25 12:55:44,939 - INFO - Loading labels for class distribution...
2026-03-25 12:55:44,939 - INFO - Train samples: 443686
2026-03-25 12:55:44,940 - INFO - Test samples: 37633
2026-03-25 12:55:44,940 - INFO - 
Class distribution:
2026-03-25 12:55:44,941 - INFO -   Training - Real: 153024, Fake: 290662
2026-03-25 12:55:44,941 - INFO -   Testing  - Real: 14817, Fake: 22816
2026-03-25 12:55:44,941 - INFO - 
Class weights: {0: 1.4497268402342116, 1: 0.7632335840254316}
2026-03-25 12:55:44,941 - INFO - 
Creating data generators...
2026-03-25 12:55:44,949 - INFO - Steps per epoch: 13865
2026-03-25 12:55:44,949 - INFO - Validation steps: 1176
2026-03-25 12:55:44,949 - INFO - 
================================================================================
2026-03-25 12:55:44,949 - INFO - BUILDING CNN MODEL
2026-03-25 12:55:44,949 - INFO - ================================================================================
2026-03-25 12:55:45,034 - INFO - Model: "sequential"
2026-03-25 12:55:45,034 - INFO - _________________________________________________________________
2026-03-25 12:55:45,034 - INFO -  Layer (type)                Output Shape              Param #   
2026-03-25 12:55:45,034 - INFO - =================================================================
2026-03-25 12:55:45,034 - INFO -  conv2d (Conv2D)             (None, 48, 48, 256)       2560      
2026-03-25 12:55:45,034 - INFO -                                                                  
2026-03-25 12:55:45,034 - INFO -  activation (Activation)     (None, 48, 48, 256)       0         
2026-03-25 12:55:45,034 - INFO -                                                                  
2026-03-25 12:55:45,035 - INFO -  max_pooling2d (MaxPooling2D  (None, 24, 24, 256)      0         
2026-03-25 12:55:45,035 - INFO -  )                                                               
2026-03-25 12:55:45,035 - INFO -                                                                  
2026-03-25 12:55:45,035 - INFO -  conv2d_1 (Conv2D)           (None, 22, 22, 128)       295040    
2026-03-25 12:55:45,035 - INFO -                                                                  
2026-03-25 12:55:45,035 - INFO -  activation_1 (Activation)   (None, 22, 22, 128)       0         
2026-03-25 12:55:45,035 - INFO -                                                                  
2026-03-25 12:55:45,035 - INFO -  max_pooling2d_1 (MaxPooling  (None, 11, 11, 128)      0         
2026-03-25 12:55:45,035 - INFO -  2D)                                                             
2026-03-25 12:55:45,035 - INFO -                                                                  
2026-03-25 12:55:45,035 - INFO -  dropout (Dropout)           (None, 11, 11, 128)       0         
2026-03-25 12:55:45,035 - INFO -                                                                  
2026-03-25 12:55:45,035 - INFO -  flatten (Flatten)           (None, 15488)             0         
2026-03-25 12:55:45,035 - INFO -                                                                  
2026-03-25 12:55:45,035 - INFO -  dense (Dense)               (None, 64)                991296    
2026-03-25 12:55:45,035 - INFO -                                                                  
2026-03-25 12:55:45,035 - INFO -  activation_2 (Activation)   (None, 64)                0         
2026-03-25 12:55:45,036 - INFO -                                                                  
2026-03-25 12:55:45,036 - INFO -  dense_1 (Dense)             (None, 1)                 65        
2026-03-25 12:55:45,036 - INFO -                                                                  
2026-03-25 12:55:45,036 - INFO -  activation_3 (Activation)   (None, 1)                 0         
2026-03-25 12:55:45,036 - INFO -                                                                  
2026-03-25 12:55:45,036 - INFO - =================================================================
2026-03-25 12:55:45,036 - INFO - Total params: 1,288,961
2026-03-25 12:55:45,036 - INFO - Trainable params: 1,288,961
2026-03-25 12:55:45,036 - INFO - Non-trainable params: 0
2026-03-25 12:55:45,036 - INFO - _________________________________________________________________
2026-03-25 12:55:45,036 - INFO - 
Compiling model...
2026-03-25 12:55:45,046 - INFO - TensorBoard logs: logs\CNN_CelebDF_20260325_125543
2026-03-25 12:55:45,046 - INFO - Model checkpoints: callbacks
2026-03-25 12:55:45,046 - INFO - 
================================================================================
2026-03-25 12:55:45,046 - INFO - STARTING TRAINING
2026-03-25 12:55:45,046 - INFO - ================================================================================
2026-03-25 12:55:45,046 - INFO - Training on device: /GPU:0
2026-03-25 12:55:45,047 - INFO - Loading data from D:\Hoc\Study\computer-vision\DFT-MF\preprocessed_data\X_train.pickle...
2026-03-25 12:55:47,656 - INFO - 
[Epoch 1/50] Starting...
2026-03-25 13:03:04,092 - INFO - Loading data from D:\Hoc\Study\computer-vision\DFT-MF\preprocessed_data\X_test.pickle...
2026-03-25 13:03:22,728 - INFO - [Epoch 1/50] Completed in 455.1s
2026-03-25 13:03:22,729 - INFO -   Train Loss: 0.3644 | Train Acc: 0.8375
2026-03-25 13:03:22,729 - INFO -   Val Loss:   0.5194 | Val Acc:   0.7683
2026-03-25 13:03:22,729 - INFO -   Progress: 2.0% | Best Val Acc so far: 0.7683
2026-03-25 13:03:23,117 - INFO - 
[Epoch 2/50] Starting...
2026-03-25 13:13:14,617 - INFO - [Epoch 2/50] Completed in 591.5s
2026-03-25 13:13:14,617 - INFO -   Train Loss: 0.1738 | Train Acc: 0.9331
2026-03-25 13:13:14,617 - INFO -   Val Loss:   0.5030 | Val Acc:   0.8083
